STR(LV_ALIGN_CENTER,           center)
STR(LV_ALIGN_CENTER,           middle)
STR(LV_ALIGN_CENTER,           mid)
STR(LV_ALIGN_OUT_LEFT_MID,     left)
STR(LV_ALIGN_OUT_TOP_LEFT,     top-left)
STR(LV_ALIGN_OUT_LEFT_MID,     mid-left)
STR(LV_ALIGN_OUT_BOTTOM_LEFT,  bottom-left)
STR(LV_ALIGN_OUT_TOP_LEFT,     left-top)
STR(LV_ALIGN_OUT_LEFT_MID,     left-mid)
STR(LV_ALIGN_OUT_LEFT_MID,     left-middle)
STR(LV_ALIGN_OUT_LEFT_MID,     left-center)
STR(LV_ALIGN_OUT_BOTTOM_LEFT,  left-bottom)
STR(LV_ALIGN_OUT_RIGHT_MID,    right)
STR(LV_ALIGN_OUT_TOP_RIGHT,    top-right)
STR(LV_ALIGN_OUT_RIGHT_MID,    mid-right)
STR(LV_ALIGN_OUT_RIGHT_MID,    middle-right)
STR(LV_ALIGN_OUT_RIGHT_MID,    center-right)
STR(LV_ALIGN_OUT_BOTTOM_RIGHT, bottom-right)
STR(LV_ALIGN_OUT_TOP_RIGHT,    right-top)
STR(LV_ALIGN_OUT_RIGHT_MID,    right-mid)
STR(LV_ALIGN_OUT_RIGHT_MID,    right-middle)
STR(LV_ALIGN_OUT_RIGHT_MID,    right-center)
STR(LV_ALIGN_OUT_BOTTOM_RIGHT, right-bottom)
STR(LV_ALIGN_OUT_TOP_MID,      top)
STR(LV_ALIGN_OUT_TOP_MID,      top-mid)
STR(LV_ALIGN_OUT_TOP_MID,      top-middle)
STR(LV_ALIGN_OUT_TOP_MID,      top-center)
STR(LV_ALIGN_OUT_BOTTOM_MID,   bottom)
STR(LV_ALIGN_OUT_BOTTOM_MID,   bottom-mid)
STR(LV_ALIGN_OUT_BOTTOM_MID,   bottom-middle)
STR(LV_ALIGN_OUT_BOTTOM_MID,   bottom-center)
STR(LV_ALIGN_OUT_LEFT_MID,     out-left)
STR(LV_ALIGN_OUT_TOP_LEFT,     out-top-left)
STR(LV_ALIGN_OUT_LEFT_MID,     out-mid-left)
STR(LV_ALIGN_OUT_LEFT_MID,     out-middle-left)
STR(LV_ALIGN_OUT_LEFT_MID,     out-center-left)
STR(LV_ALIGN_OUT_BOTTOM_LEFT,  out-bottom-left)
STR(LV_ALIGN_OUT_TOP_LEFT,     out-left-top)
STR(LV_ALIGN_OUT_LEFT_MID,     out-left-mid)
STR(LV_ALIGN_OUT_LEFT_MID,     out-left-middle)
STR(LV_ALIGN_OUT_LEFT_MID,     out-left-center)
STR(LV_ALIGN_OUT_BOTTOM_LEFT,  out-left-bottom)
STR(LV_ALIGN_OUT_RIGHT_MID,    out-right)
STR(LV_ALIGN_OUT_TOP_RIGHT,    out-top-right)
STR(LV_ALIGN_OUT_RIGHT_MID,    out-mid-right)
STR(LV_ALIGN_OUT_RIGHT_MID,    out-middle-right)
STR(LV_ALIGN_OUT_RIGHT_MID,    out-center-right)
STR(LV_ALIGN_OUT_BOTTOM_RIGHT, out-bottom-right)
STR(LV_ALIGN_OUT_TOP_RIGHT,    out-right-top)
STR(LV_ALIGN_OUT_RIGHT_MID,    out-right-mid)
STR(LV_ALIGN_OUT_RIGHT_MID,    out-right-middle)
STR(LV_ALIGN_OUT_RIGHT_MID,    out-right-center)
STR(LV_ALIGN_OUT_BOTTOM_RIGHT, out-right-bottom)
STR(LV_ALIGN_OUT_TOP_MID,      out-top)
STR(LV_ALIGN_OUT_TOP_MID,      out-top-mid)
STR(LV_ALIGN_OUT_TOP_MID,      out-top-middle)
STR(LV_ALIGN_OUT_TOP_MID,      out-top-center)
STR(LV_ALIGN_OUT_BOTTOM_MID,   out-bottom)
STR(LV_ALIGN_OUT_BOTTOM_MID,   out-bottom-mid)
STR(LV_ALIGN_OUT_BOTTOM_MID,   out-bottom-middle)
STR(LV_ALIGN_OUT_BOTTOM_MID,   out-bottom-center)
STR(LV_ALIGN_LEFT_MID,         in-left)
STR(LV_ALIGN_TOP_LEFT,         in-top-left)
STR(LV_ALIGN_LEFT_MID,         in-mid-left)
STR(LV_ALIGN_LEFT_MID,         in-middle-left)
STR(LV_ALIGN_LEFT_MID,         in-center-left)
STR(LV_ALIGN_BOTTOM_LEFT,      in-bottom-left)
STR(LV_ALIGN_TOP_LEFT,         in-left-top)
STR(LV_ALIGN_LEFT_MID,         in-left-mid)
STR(LV_ALIGN_LEFT_MID,         in-left-middle)
STR(LV_ALIGN_LEFT_MID,         in-left-center)
STR(LV_ALIGN_LEFT_MID,         in-left-middle)
STR(LV_ALIGN_LEFT_MID,         in-left-center)
STR(LV_ALIGN_BOTTOM_LEFT,      in-left-bottom)
STR(LV_ALIGN_RIGHT_MID,        in-right)
STR(LV_ALIGN_TOP_RIGHT,        in-top-right)
STR(LV_ALIGN_RIGHT_MID,        in-mid-right)
STR(LV_ALIGN_RIGHT_MID,        in-middle-right)
STR(LV_ALIGN_RIGHT_MID,        in-center-right)
STR(LV_ALIGN_BOTTOM_RIGHT,     in-bottom-right)
STR(LV_ALIGN_TOP_RIGHT,        in-right-top)
STR(LV_ALIGN_RIGHT_MID,        in-right-mid)
STR(LV_ALIGN_RIGHT_MID,        in-right-middle)
STR(LV_ALIGN_RIGHT_MID,        in-right-center)
STR(LV_ALIGN_BOTTOM_RIGHT,     in-right-bottom)
STR(LV_ALIGN_TOP_MID,          in-top)
STR(LV_ALIGN_TOP_MID,          in-top-mid)
STR(LV_ALIGN_TOP_MID,          in-top-middle)
STR(LV_ALIGN_TOP_MID,          in-top-center)
STR(LV_ALIGN_BOTTOM_MID,       in-bottom)
STR(LV_ALIGN_BOTTOM_MID,       in-bottom-mid)
STR(LV_ALIGN_BOTTOM_MID,       in-bottom-middle)
STR(LV_ALIGN_BOTTOM_MID,       in-bottom-center)
